<html>
<body>
<pre>
<h1>µVision Build Log</h1>
<h2>Project:</h2>
E:\boxwork\myos\project\myos.uvproj
Project File Date:  03/07/2013

<h2>Output:</h2>
Build target 'myos'
assembling STM32F10x.s...
assembling cpu_a.asm...
linking...
Program Size: Code=5516 RO-data=288 RW-data=12 ZI-data=612  
"myos.axf" - 0 Error(s), 0 Warning(s).
Build target 'myos'
assembling STM32F10x.s...
compiling main.c...
compiling spi_flash.c...
compiling stm32f10x_bkp.c...
compiling stm32f10x_flash.c...
compiling stm32f10x_fsmc.c...
compiling stm32f10x_gpio.c...
compiling stm32f10x_lib.c...
compiling stm32f10x_nvic.c...
compiling stm32f10x_pwr.c...
compiling stm32f10x_rcc.c...
compiling stm32f10x_spi.c...
compiling stm32f10x_systick.c...
compiling stm32f10x_usart.c...
assembling cortexm3_macro.s...
compiling bsp.c...
compiling cpu.c...
assembling cpu_a.asm...
linking...
Program Size: Code=5516 RO-data=288 RW-data=12 ZI-data=612  
"myos.axf" - 0 Error(s), 0 Warning(s).
Build target 'myos'
linking...
Program Size: Code=5516 RO-data=288 RW-data=12 ZI-data=612  
"myos.axf" - 0 Error(s), 0 Warning(s).
Build target 'myos'
linking...
Program Size: Code=5516 RO-data=288 RW-data=12 ZI-data=612  
"myos.axf" - 0 Error(s), 0 Warning(s).
Clean started: Project: 'myos'
   deleting intermediate output files for target 'myos'
Build target 'myos'
assembling STM32F10x.s...
compiling main.c...
compiling spi_flash.c...
compiling stm32f10x_bkp.c...
compiling stm32f10x_flash.c...
compiling stm32f10x_fsmc.c...
compiling stm32f10x_gpio.c...
compiling stm32f10x_lib.c...
compiling stm32f10x_nvic.c...
compiling stm32f10x_pwr.c...
compiling stm32f10x_rcc.c...
compiling stm32f10x_spi.c...
compiling stm32f10x_systick.c...
compiling stm32f10x_usart.c...
assembling cortexm3_macro.s...
compiling bsp.c...
compiling cpu.c...
assembling cpu_a.asm...
linking...
Program Size: Code=5516 RO-data=288 RW-data=12 ZI-data=612  
"..\flashout\myos.axf" - 0 Error(s), 0 Warning(s).
Build target 'myos'
compiling os_task.c...
compiling os_core.c...
linking...
Program Size: Code=5516 RO-data=288 RW-data=12 ZI-data=612  
"..\flashout\myos.axf" - 0 Error(s), 0 Warning(s).
